  loaded open_33  (33×33 cells, 961 free, 100.0% interior open)
  loaded partial_33  (33×33 cells, 795 free, 82.7% interior open)
  loaded closed_33  (33×33 cells, 578 free, 60.1% interior open)

=== Sweep — 144 runs total ===
  maps: ['open_33', 'partial_33', 'closed_33']
  drone counts: [2, 5, 10, 20]
  seeds per config: 3

  open_33        n= 2  Random     seed=0  cov= 93.8%  t100=     —  reason=ALL_DEPLETED   (0.6s)
  open_33        n= 2  Random     seed=1  cov= 95.0%  t100=     —  reason=ALL_DEPLETED   (0.6s)
  open_33        n= 2  Random     seed=2  cov= 95.7%  t100=     —  reason=ALL_DEPLETED   (0.5s)
  open_33        n= 2  PF         seed=0  cov= 16.4%  t100=     —  reason=ALL_DEPLETED   (0.9s)
  open_33        n= 2  PF         seed=1  cov=  8.0%  t100=     —  reason=ALL_DEPLETED   (0.9s)
  open_33        n= 2  PF         seed=2  cov= 10.9%  t100=     —  reason=ALL_DEPLETED   (1.0s)
  open_33        n= 2  Consensus  seed=0  cov= 16.4%  t100=     —  reason=ALL_DEPLETED   (1.4s)
  open_33        n= 2  Consensus  seed=1  cov=  8.0%  t100=     —  reason=ALL_DEPLETED   (1.4s)
  open_33        n= 2  Consensus  seed=2  cov= 10.9%  t100=     —  reason=ALL_DEPLETED   (1.4s)
  open_33        n= 2  MARL       seed=0  cov= 93.3%  t100=     —  reason=ALL_DEPLETED   (1.5s)
  open_33        n= 2  MARL       seed=1  cov= 94.6%  t100=     —  reason=ALL_DEPLETED   (1.4s)
  open_33        n= 2  MARL       seed=2  cov= 92.2%  t100=     —  reason=ALL_DEPLETED   (1.4s)
  open_33        n= 5  Random     seed=0  cov=100.0%  t100=  565s  reason=COMPLETED      (0.9s)
  open_33        n= 5  Random     seed=1  cov= 99.9%  t100=     —  reason=ALL_DEPLETED   (1.1s)
  open_33        n= 5  Random     seed=2  cov= 99.4%  t100=     —  reason=ALL_DEPLETED   (1.2s)
  open_33        n= 5  PF         seed=0  cov= 90.6%  t100=     —  reason=ALL_DEPLETED   (1.9s)
  open_33        n= 5  PF         seed=1  cov= 43.1%  t100=     —  reason=ALL_DEPLETED   (2.0s)
  open_33        n= 5  PF         seed=2  cov= 38.5%  t100=     —  reason=ALL_DEPLETED   (2.0s)
  open_33        n= 5  Consensus  seed=0  cov= 61.4%  t100=     —  reason=ALL_DEPLETED   (3.1s)
  open_33        n= 5  Consensus  seed=1  cov= 43.1%  t100=     —  reason=ALL_DEPLETED   (3.5s)
  open_33        n= 5  Consensus  seed=2  cov= 71.0%  t100=     —  reason=ALL_DEPLETED   (2.9s)
  open_33        n= 5  MARL       seed=0  cov= 98.3%  t100=     —  reason=ALL_DEPLETED   (2.3s)
  open_33        n= 5  MARL       seed=1  cov= 99.2%  t100=     —  reason=ALL_DEPLETED   (2.3s)
  open_33        n= 5  MARL       seed=2  cov= 99.5%  t100=     —  reason=ALL_DEPLETED   (2.3s)
  open_33        n=10  Random     seed=0  cov=100.0%  t100=  380s  reason=COMPLETED      (1.1s)
  open_33        n=10  Random     seed=1  cov=100.0%  t100=  332s  reason=COMPLETED      (1.0s)
  open_33        n=10  Random     seed=2  cov=100.0%  t100=  430s  reason=COMPLETED      (1.3s)
  open_33        n=10  PF         seed=0  cov=100.0%  t100=  103s  reason=COMPLETED      (0.7s)
  open_33        n=10  PF         seed=1  cov=100.0%  t100=  106s  reason=COMPLETED      (0.7s)
  open_33        n=10  PF         seed=2  cov=100.0%  t100=   91s  reason=COMPLETED      (0.6s)
  open_33        n=10  Consensus  seed=0  cov=100.0%  t100=  122s  reason=COMPLETED      (1.3s)
  open_33        n=10  Consensus  seed=1  cov=100.0%  t100=  285s  reason=COMPLETED      (3.1s)
  open_33        n=10  Consensus  seed=2  cov=100.0%  t100=   99s  reason=COMPLETED      (1.1s)
  open_33        n=10  MARL       seed=0  cov= 99.6%  t100=     —  reason=ALL_DEPLETED   (3.8s)
  open_33        n=10  MARL       seed=1  cov= 99.2%  t100=     —  reason=ALL_DEPLETED   (3.9s)
  open_33        n=10  MARL       seed=2  cov= 99.2%  t100=     —  reason=ALL_DEPLETED   (3.8s)
  open_33        n=20  Random     seed=0  cov=100.0%  t100=  151s  reason=COMPLETED      (0.9s)
  open_33        n=20  Random     seed=1  cov=100.0%  t100=  276s  reason=COMPLETED      (1.6s)
  open_33        n=20  Random     seed=2  cov=100.0%  t100=  151s  reason=COMPLETED      (0.8s)
  open_33        n=20  PF         seed=0  cov=100.0%  t100=   40s  reason=COMPLETED      (0.6s)
  open_33        n=20  PF         seed=1  cov=100.0%  t100=   39s  reason=COMPLETED      (0.6s)
  open_33        n=20  PF         seed=2  cov=100.0%  t100=   45s  reason=COMPLETED      (0.7s)
  open_33        n=20  Consensus  seed=0  cov=100.0%  t100=   37s  reason=COMPLETED      (1.2s)
  open_33        n=20  Consensus  seed=1  cov=100.0%  t100=   37s  reason=COMPLETED      (1.2s)
  open_33        n=20  Consensus  seed=2  cov=100.0%  t100=   43s  reason=COMPLETED      (1.3s)
  open_33        n=20  MARL       seed=0  cov=100.0%  t100=  190s  reason=COMPLETED      (1.8s)
  open_33        n=20  MARL       seed=1  cov=100.0%  t100=  136s  reason=COMPLETED      (1.3s)
  open_33        n=20  MARL       seed=2  cov=100.0%  t100=  165s  reason=COMPLETED      (1.6s)
  partial_33     n= 2  Random     seed=0  cov= 88.4%  t100=     —  reason=ALL_DEPLETED   (0.6s)
  partial_33     n= 2  Random     seed=1  cov= 79.5%  t100=     —  reason=ALL_DEPLETED   (0.6s)
  partial_33     n= 2  Random     seed=2  cov= 79.4%  t100=     —  reason=ALL_DEPLETED   (0.6s)
  partial_33     n= 2  PF         seed=0  cov= 92.1%  t100=     —  reason=ALL_DEPLETED   (1.0s)
  partial_33     n= 2  PF         seed=1  cov= 84.0%  t100=     —  reason=ALL_DEPLETED   (1.0s)
  partial_33     n= 2  PF         seed=2  cov= 60.5%  t100=     —  reason=ALL_DEPLETED   (1.0s)
  partial_33     n= 2  Consensus  seed=0  cov= 94.7%  t100=     —  reason=ALL_DEPLETED   (1.2s)
  partial_33     n= 2  Consensus  seed=1  cov= 84.0%  t100=     —  reason=ALL_DEPLETED   (1.2s)
  partial_33     n= 2  Consensus  seed=2  cov= 79.9%  t100=     —  reason=ALL_DEPLETED   (1.2s)
  partial_33     n= 2  MARL       seed=0  cov= 92.8%  t100=     —  reason=ALL_DEPLETED   (1.5s)
  partial_33     n= 2  MARL       seed=1  cov= 90.6%  t100=     —  reason=ALL_DEPLETED   (1.5s)
  partial_33     n= 2  MARL       seed=2  cov= 87.7%  t100=     —  reason=ALL_DEPLETED   (1.5s)
  partial_33     n= 5  Random     seed=0  cov= 99.2%  t100=     —  reason=ALL_DEPLETED   (1.1s)
  partial_33     n= 5  Random     seed=1  cov= 98.2%  t100=     —  reason=ALL_DEPLETED   (1.1s)
  partial_33     n= 5  Random     seed=2  cov= 97.2%  t100=     —  reason=ALL_DEPLETED   (1.1s)
  partial_33     n= 5  PF         seed=0  cov=100.0%  t100=  177s  reason=COMPLETED      (0.6s)
  partial_33     n= 5  PF         seed=1  cov=100.0%  t100=  208s  reason=COMPLETED      (0.7s)
  partial_33     n= 5  PF         seed=2  cov= 99.6%  t100=     —  reason=ALL_DEPLETED   (2.2s)
  partial_33     n= 5  Consensus  seed=0  cov= 99.7%  t100=     —  reason=ALL_DEPLETED   (2.6s)
  partial_33     n= 5  Consensus  seed=1  cov= 99.4%  t100=     —  reason=ALL_DEPLETED   (2.8s)
  partial_33     n= 5  Consensus  seed=2  cov= 97.4%  t100=     —  reason=ALL_DEPLETED   (2.7s)
  partial_33     n= 5  MARL       seed=0  cov= 96.2%  t100=     —  reason=ALL_DEPLETED   (2.3s)
  partial_33     n= 5  MARL       seed=1  cov= 96.5%  t100=     —  reason=ALL_DEPLETED   (2.3s)
  partial_33     n= 5  MARL       seed=2  cov= 98.7%  t100=     —  reason=ALL_DEPLETED   (2.3s)
  partial_33     n=10  Random     seed=0  cov=100.0%  t100=  474s  reason=COMPLETED      (1.4s)
  partial_33     n=10  Random     seed=1  cov= 99.9%  t100=     —  reason=ALL_DEPLETED   (2.0s)
  partial_33     n=10  Random     seed=2  cov=100.0%  t100=  342s  reason=COMPLETED      (1.0s)
  partial_33     n=10  PF         seed=0  cov=100.0%  t100=   86s  reason=COMPLETED      (0.6s)
  partial_33     n=10  PF         seed=1  cov= 94.0%  t100=     —  reason=ALL_DEPLETED   (4.5s)
  partial_33     n=10  PF         seed=2  cov=100.0%  t100=  136s  reason=COMPLETED      (0.9s)
  partial_33     n=10  Consensus  seed=0  cov=100.0%  t100=  118s  reason=COMPLETED      (1.2s)
  partial_33     n=10  Consensus  seed=1  cov=100.0%  t100=   93s  reason=COMPLETED      (1.0s)
  partial_33     n=10  Consensus  seed=2  cov=100.0%  t100=  122s  reason=COMPLETED      (1.2s)
  partial_33     n=10  MARL       seed=0  cov= 97.6%  t100=     —  reason=ALL_DEPLETED   (3.8s)
  partial_33     n=10  MARL       seed=1  cov= 98.5%  t100=     —  reason=ALL_DEPLETED   (3.9s)
  partial_33     n=10  MARL       seed=2  cov= 98.6%  t100=     —  reason=ALL_DEPLETED   (3.9s)
  partial_33     n=20  Random     seed=0  cov=100.0%  t100=  422s  reason=COMPLETED      (2.4s)
  partial_33     n=20  Random     seed=1  cov=100.0%  t100=  238s  reason=COMPLETED      (1.4s)
  partial_33     n=20  Random     seed=2  cov=100.0%  t100=  230s  reason=COMPLETED      (1.3s)
  partial_33     n=20  PF         seed=0  cov=100.0%  t100=   52s  reason=COMPLETED      (0.9s)
  partial_33     n=20  PF         seed=1  cov=100.0%  t100=   55s  reason=COMPLETED      (0.9s)
  partial_33     n=20  PF         seed=2  cov=100.0%  t100=   50s  reason=COMPLETED      (0.9s)
  partial_33     n=20  Consensus  seed=0  cov=100.0%  t100=   53s  reason=COMPLETED      (1.8s)
  partial_33     n=20  Consensus  seed=1  cov=100.0%  t100=   63s  reason=COMPLETED      (2.2s)
  partial_33     n=20  Consensus  seed=2  cov=100.0%  t100=   49s  reason=COMPLETED      (1.4s)
  partial_33     n=20  MARL       seed=0  cov=100.0%  t100=  263s  reason=COMPLETED      (2.8s)
  partial_33     n=20  MARL       seed=1  cov=100.0%  t100=  227s  reason=COMPLETED      (2.2s)
  partial_33     n=20  MARL       seed=2  cov=100.0%  t100=  246s  reason=COMPLETED      (2.3s)
  closed_33      n= 2  Random     seed=0  cov= 81.8%  t100=     —  reason=ALL_DEPLETED   (0.6s)
  closed_33      n= 2  Random     seed=1  cov= 78.0%  t100=     —  reason=ALL_DEPLETED   (0.6s)
  closed_33      n= 2  Random     seed=2  cov= 61.2%  t100=     —  reason=ALL_DEPLETED   (0.7s)
  closed_33      n= 2  PF         seed=0  cov= 33.6%  t100=     —  reason=ALL_DEPLETED   (1.4s)
  closed_33      n= 2  PF         seed=1  cov= 65.6%  t100=     —  reason=ALL_DEPLETED   (1.3s)
  closed_33      n= 2  PF         seed=2  cov= 43.4%  t100=     —  reason=ALL_DEPLETED   (1.9s)
  closed_33      n= 2  Consensus  seed=0  cov= 33.6%  t100=     —  reason=ALL_DEPLETED   (2.1s)
  closed_33      n= 2  Consensus  seed=1  cov= 65.6%  t100=     —  reason=ALL_DEPLETED   (1.4s)
  closed_33      n= 2  Consensus  seed=2  cov= 43.4%  t100=     —  reason=ALL_DEPLETED   (1.5s)
  closed_33      n= 2  MARL       seed=0  cov= 73.0%  t100=     —  reason=ALL_DEPLETED   (1.5s)
  closed_33      n= 2  MARL       seed=1  cov= 68.9%  t100=     —  reason=ALL_DEPLETED   (1.5s)
  closed_33      n= 2  MARL       seed=2  cov= 78.9%  t100=     —  reason=ALL_DEPLETED   (1.9s)
  closed_33      n= 5  Random     seed=0  cov= 97.6%  t100=     —  reason=ALL_DEPLETED   (1.3s)
  closed_33      n= 5  Random     seed=1  cov= 97.2%  t100=     —  reason=ALL_DEPLETED   (1.5s)
  closed_33      n= 5  Random     seed=2  cov= 89.1%  t100=     —  reason=ALL_DEPLETED   (1.4s)
  closed_33      n= 5  PF         seed=0  cov= 98.6%  t100=     —  reason=ALL_DEPLETED   (2.7s)
  closed_33      n= 5  PF         seed=1  cov= 99.1%  t100=     —  reason=ALL_DEPLETED   (2.6s)
  closed_33      n= 5  PF         seed=2  cov= 94.1%  t100=     —  reason=ALL_DEPLETED   (2.5s)
  closed_33      n= 5  Consensus  seed=0  cov= 89.8%  t100=     —  reason=ALL_DEPLETED   (3.2s)
  closed_33      n= 5  Consensus  seed=1  cov= 99.3%  t100=     —  reason=ALL_DEPLETED   (3.5s)
  closed_33      n= 5  Consensus  seed=2  cov= 88.6%  t100=     —  reason=ALL_DEPLETED   (3.3s)
  closed_33      n= 5  MARL       seed=0  cov= 76.1%  t100=     —  reason=ALL_DEPLETED   (2.5s)
  closed_33      n= 5  MARL       seed=1  cov= 93.6%  t100=     —  reason=ALL_DEPLETED   (2.7s)
  closed_33      n= 5  MARL       seed=2  cov= 92.7%  t100=     —  reason=ALL_DEPLETED   (2.5s)
  closed_33      n=10  Random     seed=0  cov= 99.5%  t100=     —  reason=ALL_DEPLETED   (2.3s)
  closed_33      n=10  Random     seed=1  cov=100.0%  t100=  617s  reason=COMPLETED      (2.2s)
  closed_33      n=10  Random     seed=2  cov= 98.3%  t100=     —  reason=ALL_DEPLETED   (2.1s)
  closed_33      n=10  PF         seed=0  cov=100.0%  t100=  222s  reason=COMPLETED      (1.7s)
  closed_33      n=10  PF         seed=1  cov= 99.5%  t100=     —  reason=ALL_DEPLETED   (5.1s)
  closed_33      n=10  PF         seed=2  cov=100.0%  t100=   66s  reason=COMPLETED      (0.5s)
  closed_33      n=10  Consensus  seed=0  cov= 97.1%  t100=     —  reason=ALL_DEPLETED   (5.9s)
  closed_33      n=10  Consensus  seed=1  cov=100.0%  t100=  321s  reason=COMPLETED      (2.7s)
  closed_33      n=10  Consensus  seed=2  cov=100.0%  t100=  203s  reason=COMPLETED      (1.8s)
  closed_33      n=10  MARL       seed=0  cov= 96.2%  t100=     —  reason=ALL_DEPLETED   (3.8s)
  closed_33      n=10  MARL       seed=1  cov= 99.0%  t100=     —  reason=ALL_DEPLETED   (3.9s)
  closed_33      n=10  MARL       seed=2  cov= 96.7%  t100=     —  reason=ALL_DEPLETED   (3.8s)
  closed_33      n=20  Random     seed=0  cov=100.0%  t100=  504s  reason=COMPLETED      (2.8s)
  closed_33      n=20  Random     seed=1  cov= 99.8%  t100=     —  reason=ALL_DEPLETED   (3.9s)
  closed_33      n=20  Random     seed=2  cov=100.0%  t100=  459s  reason=COMPLETED      (2.6s)
  closed_33      n=20  PF         seed=0  cov=100.0%  t100=  103s  reason=COMPLETED      (1.7s)
  closed_33      n=20  PF         seed=1  cov=100.0%  t100=   59s  reason=COMPLETED      (1.0s)
  closed_33      n=20  PF         seed=2  cov=100.0%  t100=   43s  reason=COMPLETED      (0.7s)
  closed_33      n=20  Consensus  seed=0  cov=100.0%  t100=   52s  reason=COMPLETED      (1.3s)
  closed_33      n=20  Consensus  seed=1  cov=100.0%  t100=   52s  reason=COMPLETED      (1.3s)
  closed_33      n=20  Consensus  seed=2  cov=100.0%  t100=  160s  reason=COMPLETED      (3.3s)
  closed_33      n=20  MARL       seed=0  cov=100.0%  t100=  247s  reason=COMPLETED      (2.3s)
  closed_33      n=20  MARL       seed=1  cov=100.0%  t100=  362s  reason=COMPLETED      (3.4s)
  closed_33      n=20  MARL       seed=2  cov=100.0%  t100=  398s  reason=COMPLETED      (3.9s)

Total wall time: 266.7 s

Wrote: /Users/amkrtumyan/Desktop/Swarm_Drones/optimization/outputs/csv_txt/sweep_results.csv
Wrote 4 sweep plots to /Users/amkrtumyan/Desktop/Swarm_Drones/optimization/outputs/png/

=== Mean final coverage by (map × policy × n_drones) ===

  open_33:
    n_drones     Random         PF  Consensus       MARL     MARL+S
           2       94.8%     11.8%     11.8%     93.4%         —
           5       99.8%     57.4%     58.5%     99.0%         —
          10      100.0%    100.0%    100.0%     99.3%         —
          20      100.0%    100.0%    100.0%    100.0%         —

  partial_33:
    n_drones     Random         PF  Consensus       MARL     MARL+S
           2       82.4%     78.9%     86.2%     90.4%         —
           5       98.2%     99.9%     98.8%     97.1%         —
          10      100.0%     98.0%    100.0%     98.2%         —
          20      100.0%    100.0%    100.0%    100.0%         —

  closed_33:
    n_drones     Random         PF  Consensus       MARL     MARL+S
           2       73.7%     47.5%     47.5%     73.6%         —
           5       94.6%     97.3%     92.6%     87.5%         —
          10       99.3%     99.8%     99.0%     97.3%         —
          20       99.9%    100.0%    100.0%    100.0%         —
