  loaded open_33  (33×33, 961 free, 100.0% interior open)
  loaded partial_33  (33×33, 795 free, 82.7% interior open)
  loaded closed_33  (33×33, 578 free, 60.1% interior open)

=== Track 1 sweep — 216 runs total ===
  policies:     ['Random', 'Boustrophedon', 'Spiral', 'VoronoiPartition', 'GridDecomposition', 'STC']
  drone counts: [2, 5, 10, 20]
  seeds:        [0, 1, 2]

  open_33      n= 2  Random              seed=0  cov= 93.8%  t100=     —  reason=ALL_DEPLETED   (0.6s)
  open_33      n= 2  Random              seed=1  cov= 95.0%  t100=     —  reason=ALL_DEPLETED   (0.5s)
  open_33      n= 2  Random              seed=2  cov= 95.7%  t100=     —  reason=ALL_DEPLETED   (0.5s)
  open_33      n= 2  Boustrophedon       seed=0  cov= 35.8%  t100=     —  reason=ALL_DEPLETED   (0.8s)
  open_33      n= 2  Boustrophedon       seed=1  cov= 28.4%  t100=     —  reason=ALL_DEPLETED   (0.8s)
  open_33      n= 2  Boustrophedon       seed=2  cov= 32.6%  t100=     —  reason=ALL_DEPLETED   (0.8s)
  open_33      n= 2  Spiral              seed=0  cov= 20.3%  t100=     —  reason=ALL_DEPLETED   (1.0s)
  open_33      n= 2  Spiral              seed=1  cov=  6.7%  t100=     —  reason=ALL_DEPLETED   (1.2s)
  open_33      n= 2  Spiral              seed=2  cov=  4.7%  t100=     —  reason=ALL_DEPLETED   (1.0s)
  open_33      n= 2  VoronoiPartition    seed=0  cov= 93.0%  t100=     —  reason=ALL_DEPLETED   (1.0s)
  open_33      n= 2  VoronoiPartition    seed=1  cov= 88.7%  t100=     —  reason=ALL_DEPLETED   (1.0s)
  open_33      n= 2  VoronoiPartition    seed=2  cov= 89.5%  t100=     —  reason=ALL_DEPLETED   (0.9s)
  open_33      n= 2  GridDecomposition   seed=0  cov= 64.3%  t100=     —  reason=ALL_DEPLETED   (1.1s)
  open_33      n= 2  GridDecomposition   seed=1  cov= 20.5%  t100=     —  reason=ALL_DEPLETED   (1.8s)
  open_33      n= 2  GridDecomposition   seed=2  cov= 35.6%  t100=     —  reason=ALL_DEPLETED   (1.4s)
  open_33      n= 2  STC                 seed=0  cov= 88.7%  t100=     —  reason=ALL_DEPLETED   (0.9s)
  open_33      n= 2  STC                 seed=1  cov= 89.7%  t100=     —  reason=ALL_DEPLETED   (0.8s)
  open_33      n= 2  STC                 seed=2  cov=100.0%  t100=  549s  reason=COMPLETED      (0.8s)
  open_33      n= 5  Random              seed=0  cov=100.0%  t100=  565s  reason=COMPLETED      (1.0s)
  open_33      n= 5  Random              seed=1  cov= 99.9%  t100=     —  reason=ALL_DEPLETED   (1.1s)
  open_33      n= 5  Random              seed=2  cov= 99.4%  t100=     —  reason=ALL_DEPLETED   (1.1s)
  open_33      n= 5  Boustrophedon       seed=0  cov= 43.4%  t100=     —  reason=ALL_DEPLETED   (2.0s)
  open_33      n= 5  Boustrophedon       seed=1  cov= 49.4%  t100=     —  reason=ALL_DEPLETED   (1.9s)
  open_33      n= 5  Boustrophedon       seed=2  cov= 45.9%  t100=     —  reason=ALL_DEPLETED   (1.8s)
  open_33      n= 5  Spiral              seed=0  cov= 45.6%  t100=     —  reason=ALL_DEPLETED   (1.9s)
  open_33      n= 5  Spiral              seed=1  cov= 17.3%  t100=     —  reason=ALL_DEPLETED   (1.9s)
  open_33      n= 5  Spiral              seed=2  cov= 16.0%  t100=     —  reason=ALL_DEPLETED   (2.4s)
  open_33      n= 5  VoronoiPartition    seed=0  cov= 95.6%  t100=     —  reason=ALL_DEPLETED   (2.4s)
  open_33      n= 5  VoronoiPartition    seed=1  cov=100.0%  t100=  283s  reason=COMPLETED      (1.0s)
  open_33      n= 5  VoronoiPartition    seed=2  cov=100.0%  t100=  300s  reason=COMPLETED      (1.2s)
  open_33      n= 5  GridDecomposition   seed=0  cov=100.0%  t100=  301s  reason=COMPLETED      (1.1s)
  open_33      n= 5  GridDecomposition   seed=1  cov=100.0%  t100=  288s  reason=COMPLETED      (1.0s)
  open_33      n= 5  GridDecomposition   seed=2  cov= 72.4%  t100=     —  reason=ALL_DEPLETED   (2.4s)
  open_33      n= 5  STC                 seed=0  cov=100.0%  t100=  160s  reason=COMPLETED      (0.5s)
  open_33      n= 5  STC                 seed=1  cov=100.0%  t100=  151s  reason=COMPLETED      (0.5s)
  open_33      n= 5  STC                 seed=2  cov=100.0%  t100=  204s  reason=COMPLETED      (0.6s)
  open_33      n=10  Random              seed=0  cov=100.0%  t100=  380s  reason=COMPLETED      (1.1s)
  open_33      n=10  Random              seed=1  cov=100.0%  t100=  332s  reason=COMPLETED      (1.0s)
  open_33      n=10  Random              seed=2  cov=100.0%  t100=  430s  reason=COMPLETED      (1.2s)
  open_33      n=10  Boustrophedon       seed=0  cov=100.0%  t100=  559s  reason=COMPLETED      (3.3s)
  open_33      n=10  Boustrophedon       seed=1  cov= 99.4%  t100=     —  reason=ALL_DEPLETED   (3.8s)
  open_33      n=10  Boustrophedon       seed=2  cov= 74.5%  t100=     —  reason=ALL_DEPLETED   (3.8s)
  open_33      n=10  Spiral              seed=0  cov=100.0%  t100=  513s  reason=COMPLETED      (3.2s)
  open_33      n=10  Spiral              seed=1  cov= 70.8%  t100=     —  reason=ALL_DEPLETED   (4.0s)
  open_33      n=10  Spiral              seed=2  cov= 96.4%  t100=     —  reason=ALL_DEPLETED   (3.9s)
  open_33      n=10  VoronoiPartition    seed=0  cov=100.0%  t100=  132s  reason=COMPLETED      (0.9s)
  open_33      n=10  VoronoiPartition    seed=1  cov=100.0%  t100=   99s  reason=COMPLETED      (0.7s)
  open_33      n=10  VoronoiPartition    seed=2  cov=100.0%  t100=   99s  reason=COMPLETED      (0.7s)
  open_33      n=10  GridDecomposition   seed=0  cov=100.0%  t100=  101s  reason=COMPLETED      (0.7s)
  open_33      n=10  GridDecomposition   seed=1  cov=100.0%  t100=  127s  reason=COMPLETED      (0.9s)
  open_33      n=10  GridDecomposition   seed=2  cov=100.0%  t100=  126s  reason=COMPLETED      (0.9s)
  open_33      n=10  STC                 seed=0  cov=100.0%  t100=   72s  reason=COMPLETED      (0.5s)
  open_33      n=10  STC                 seed=1  cov=100.0%  t100=   79s  reason=COMPLETED      (0.5s)
  open_33      n=10  STC                 seed=2  cov=100.0%  t100=   97s  reason=COMPLETED      (0.6s)
  open_33      n=20  Random              seed=0  cov=100.0%  t100=  151s  reason=COMPLETED      (0.8s)
  open_33      n=20  Random              seed=1  cov=100.0%  t100=  276s  reason=COMPLETED      (1.5s)
  open_33      n=20  Random              seed=2  cov=100.0%  t100=  151s  reason=COMPLETED      (0.8s)
  open_33      n=20  Boustrophedon       seed=0  cov=100.0%  t100=  139s  reason=COMPLETED      (2.0s)
  open_33      n=20  Boustrophedon       seed=1  cov=100.0%  t100=  121s  reason=COMPLETED      (1.7s)
  open_33      n=20  Boustrophedon       seed=2  cov=100.0%  t100=  144s  reason=COMPLETED      (2.1s)
  open_33      n=20  Spiral              seed=0  cov=100.0%  t100=  383s  reason=COMPLETED      (5.3s)
  open_33      n=20  Spiral              seed=1  cov=100.0%  t100=  491s  reason=COMPLETED      (6.9s)
  open_33      n=20  Spiral              seed=2  cov=100.0%  t100=  566s  reason=COMPLETED      (7.9s)
  open_33      n=20  VoronoiPartition    seed=0  cov=100.0%  t100=   49s  reason=COMPLETED      (0.8s)
  open_33      n=20  VoronoiPartition    seed=1  cov=100.0%  t100=   55s  reason=COMPLETED      (0.9s)
  open_33      n=20  VoronoiPartition    seed=2  cov=100.0%  t100=   52s  reason=COMPLETED      (0.9s)
  open_33      n=20  GridDecomposition   seed=0  cov=100.0%  t100=   51s  reason=COMPLETED      (0.8s)
  open_33      n=20  GridDecomposition   seed=1  cov=100.0%  t100=   57s  reason=COMPLETED      (0.9s)
  open_33      n=20  GridDecomposition   seed=2  cov=100.0%  t100=   50s  reason=COMPLETED      (0.8s)
  open_33      n=20  STC                 seed=0  cov=100.0%  t100=   38s  reason=COMPLETED      (0.6s)
  open_33      n=20  STC                 seed=1  cov=100.0%  t100=   30s  reason=COMPLETED      (0.4s)
  open_33      n=20  STC                 seed=2  cov=100.0%  t100=   38s  reason=COMPLETED      (0.6s)
  partial_33   n= 2  Random              seed=0  cov= 88.4%  t100=     —  reason=ALL_DEPLETED   (0.5s)
  partial_33   n= 2  Random              seed=1  cov= 79.5%  t100=     —  reason=ALL_DEPLETED   (0.5s)
  partial_33   n= 2  Random              seed=2  cov= 79.4%  t100=     —  reason=ALL_DEPLETED   (0.5s)
  partial_33   n= 2  Boustrophedon       seed=0  cov= 32.7%  t100=     —  reason=ALL_DEPLETED   (0.9s)
  partial_33   n= 2  Boustrophedon       seed=1  cov= 34.6%  t100=     —  reason=ALL_DEPLETED   (0.9s)
  partial_33   n= 2  Boustrophedon       seed=2  cov= 33.1%  t100=     —  reason=ALL_DEPLETED   (0.9s)
  partial_33   n= 2  Spiral              seed=0  cov= 17.5%  t100=     —  reason=ALL_DEPLETED   (0.9s)
  partial_33   n= 2  Spiral              seed=1  cov= 28.9%  t100=     —  reason=ALL_DEPLETED   (0.9s)
  partial_33   n= 2  Spiral              seed=2  cov= 21.3%  t100=     —  reason=ALL_DEPLETED   (0.9s)
  partial_33   n= 2  VoronoiPartition    seed=0  cov= 94.2%  t100=     —  reason=ALL_DEPLETED   (1.0s)
  partial_33   n= 2  VoronoiPartition    seed=1  cov= 59.9%  t100=     —  reason=ALL_DEPLETED   (1.0s)
  partial_33   n= 2  VoronoiPartition    seed=2  cov= 47.2%  t100=     —  reason=ALL_DEPLETED   (1.3s)
  partial_33   n= 2  GridDecomposition   seed=0  cov= 98.1%  t100=     —  reason=ALL_DEPLETED   (1.0s)
  partial_33   n= 2  GridDecomposition   seed=1  cov= 36.7%  t100=     —  reason=ALL_DEPLETED   (1.0s)
  partial_33   n= 2  GridDecomposition   seed=2  cov= 87.0%  t100=     —  reason=ALL_DEPLETED   (1.0s)
  partial_33   n= 2  STC                 seed=0  cov= 28.9%  t100=     —  reason=ALL_DEPLETED   (1.0s)
  partial_33   n= 2  STC                 seed=1  cov= 37.7%  t100=     —  reason=ALL_DEPLETED   (1.0s)
  partial_33   n= 2  STC                 seed=2  cov= 44.3%  t100=     —  reason=ALL_DEPLETED   (1.0s)
  partial_33   n= 5  Random              seed=0  cov= 99.2%  t100=     —  reason=ALL_DEPLETED   (1.1s)
  partial_33   n= 5  Random              seed=1  cov= 98.2%  t100=     —  reason=ALL_DEPLETED   (1.1s)
  partial_33   n= 5  Random              seed=2  cov= 97.2%  t100=     —  reason=ALL_DEPLETED   (1.1s)
  partial_33   n= 5  Boustrophedon       seed=0  cov= 91.7%  t100=     —  reason=ALL_DEPLETED   (2.1s)
  partial_33   n= 5  Boustrophedon       seed=1  cov= 87.2%  t100=     —  reason=ALL_DEPLETED   (2.1s)
  partial_33   n= 5  Boustrophedon       seed=2  cov= 84.4%  t100=     —  reason=ALL_DEPLETED   (2.1s)
  partial_33   n= 5  Spiral              seed=0  cov= 43.9%  t100=     —  reason=ALL_DEPLETED   (2.0s)
  partial_33   n= 5  Spiral              seed=1  cov= 45.5%  t100=     —  reason=ALL_DEPLETED   (2.0s)
  partial_33   n= 5  Spiral              seed=2  cov= 44.4%  t100=     —  reason=ALL_DEPLETED   (2.0s)
  partial_33   n= 5  VoronoiPartition    seed=0  cov=100.0%  t100=  375s  reason=COMPLETED      (1.3s)
  partial_33   n= 5  VoronoiPartition    seed=1  cov=100.0%  t100=  351s  reason=COMPLETED      (1.2s)
  partial_33   n= 5  VoronoiPartition    seed=2  cov= 95.7%  t100=     —  reason=ALL_DEPLETED   (2.4s)
  partial_33   n= 5  GridDecomposition   seed=0  cov= 96.0%  t100=     —  reason=ALL_DEPLETED   (2.3s)
  partial_33   n= 5  GridDecomposition   seed=1  cov= 95.3%  t100=     —  reason=ALL_DEPLETED   (2.4s)
  partial_33   n= 5  GridDecomposition   seed=2  cov= 83.5%  t100=     —  reason=ALL_DEPLETED   (2.4s)
  partial_33   n= 5  STC                 seed=0  cov= 90.3%  t100=     —  reason=ALL_DEPLETED   (2.4s)
  partial_33   n= 5  STC                 seed=1  cov= 74.6%  t100=     —  reason=ALL_DEPLETED   (2.3s)
  partial_33   n= 5  STC                 seed=2  cov= 87.9%  t100=     —  reason=ALL_DEPLETED   (2.3s)
  partial_33   n=10  Random              seed=0  cov=100.0%  t100=  474s  reason=COMPLETED      (1.4s)
  partial_33   n=10  Random              seed=1  cov= 99.9%  t100=     —  reason=ALL_DEPLETED   (2.0s)
  partial_33   n=10  Random              seed=2  cov=100.0%  t100=  342s  reason=COMPLETED      (1.0s)
  partial_33   n=10  Boustrophedon       seed=0  cov=100.0%  t100=  549s  reason=COMPLETED      (3.4s)
  partial_33   n=10  Boustrophedon       seed=1  cov=100.0%  t100=  470s  reason=COMPLETED      (3.0s)
  partial_33   n=10  Boustrophedon       seed=2  cov=100.0%  t100=  406s  reason=COMPLETED      (2.5s)
  partial_33   n=10  Spiral              seed=0  cov= 77.7%  t100=     —  reason=ALL_DEPLETED   (4.3s)
  partial_33   n=10  Spiral              seed=1  cov= 60.8%  t100=     —  reason=ALL_DEPLETED   (4.4s)
  partial_33   n=10  Spiral              seed=2  cov= 65.7%  t100=     —  reason=ALL_DEPLETED   (4.3s)
  partial_33   n=10  VoronoiPartition    seed=0  cov= 94.3%  t100=     —  reason=ALL_DEPLETED   (5.0s)
  partial_33   n=10  VoronoiPartition    seed=1  cov=100.0%  t100=  188s  reason=COMPLETED      (1.4s)
  partial_33   n=10  VoronoiPartition    seed=2  cov= 96.2%  t100=     —  reason=ALL_DEPLETED   (5.0s)
  partial_33   n=10  GridDecomposition   seed=0  cov= 97.4%  t100=     —  reason=ALL_DEPLETED   (4.9s)
  partial_33   n=10  GridDecomposition   seed=1  cov= 98.5%  t100=     —  reason=ALL_DEPLETED   (4.9s)
  partial_33   n=10  GridDecomposition   seed=2  cov= 83.4%  t100=     —  reason=ALL_DEPLETED   (5.0s)
  partial_33   n=10  STC                 seed=0  cov=100.0%  t100=  131s  reason=COMPLETED      (0.9s)
  partial_33   n=10  STC                 seed=1  cov= 99.7%  t100=     —  reason=ALL_DEPLETED   (5.4s)
  partial_33   n=10  STC                 seed=2  cov= 98.1%  t100=     —  reason=ALL_DEPLETED   (5.2s)
  partial_33   n=20  Random              seed=0  cov=100.0%  t100=  422s  reason=COMPLETED      (2.3s)
  partial_33   n=20  Random              seed=1  cov=100.0%  t100=  238s  reason=COMPLETED      (1.3s)
  partial_33   n=20  Random              seed=2  cov=100.0%  t100=  230s  reason=COMPLETED      (1.3s)
  partial_33   n=20  Boustrophedon       seed=0  cov=100.0%  t100=  164s  reason=COMPLETED      (2.5s)
  partial_33   n=20  Boustrophedon       seed=1  cov=100.0%  t100=  183s  reason=COMPLETED      (2.8s)
  partial_33   n=20  Boustrophedon       seed=2  cov=100.0%  t100=  142s  reason=COMPLETED      (2.2s)
  partial_33   n=20  Spiral              seed=0  cov= 89.1%  t100=     —  reason=ALL_DEPLETED   (10.3s)
  partial_33   n=20  Spiral              seed=1  cov= 86.4%  t100=     —  reason=ALL_DEPLETED   (10.3s)
  partial_33   n=20  Spiral              seed=2  cov= 92.1%  t100=     —  reason=ALL_DEPLETED   (10.2s)
  partial_33   n=20  VoronoiPartition    seed=0  cov=100.0%  t100=   70s  reason=COMPLETED      (1.2s)
  partial_33   n=20  VoronoiPartition    seed=1  cov=100.0%  t100=   76s  reason=COMPLETED      (1.3s)
  partial_33   n=20  VoronoiPartition    seed=2  cov=100.0%  t100=   98s  reason=COMPLETED      (1.6s)
  partial_33   n=20  GridDecomposition   seed=0  cov=100.0%  t100=   74s  reason=COMPLETED      (1.3s)
  partial_33   n=20  GridDecomposition   seed=1  cov=100.0%  t100=   59s  reason=COMPLETED      (1.0s)
  partial_33   n=20  GridDecomposition   seed=2  cov=100.0%  t100=   73s  reason=COMPLETED      (1.2s)
  partial_33   n=20  STC                 seed=0  cov=100.0%  t100=   31s  reason=COMPLETED      (0.5s)
  partial_33   n=20  STC                 seed=1  cov=100.0%  t100=   48s  reason=COMPLETED      (0.8s)
  partial_33   n=20  STC                 seed=2  cov=100.0%  t100=   48s  reason=COMPLETED      (0.8s)
  closed_33    n= 2  Random              seed=0  cov= 81.8%  t100=     —  reason=ALL_DEPLETED   (0.6s)
  closed_33    n= 2  Random              seed=1  cov= 78.0%  t100=     —  reason=ALL_DEPLETED   (0.6s)
  closed_33    n= 2  Random              seed=2  cov= 61.2%  t100=     —  reason=ALL_DEPLETED   (0.6s)
  closed_33    n= 2  Boustrophedon       seed=0  cov= 27.9%  t100=     —  reason=ALL_DEPLETED   (1.0s)
  closed_33    n= 2  Boustrophedon       seed=1  cov= 27.9%  t100=     —  reason=ALL_DEPLETED   (1.1s)
  closed_33    n= 2  Boustrophedon       seed=2  cov= 29.6%  t100=     —  reason=ALL_DEPLETED   (1.0s)
  closed_33    n= 2  Spiral              seed=0  cov= 34.4%  t100=     —  reason=ALL_DEPLETED   (1.0s)
  closed_33    n= 2  Spiral              seed=1  cov= 33.4%  t100=     —  reason=ALL_DEPLETED   (1.0s)
  closed_33    n= 2  Spiral              seed=2  cov= 21.1%  t100=     —  reason=ALL_DEPLETED   (1.1s)
  closed_33    n= 2  VoronoiPartition    seed=0  cov= 42.7%  t100=     —  reason=ALL_DEPLETED   (1.2s)
  closed_33    n= 2  VoronoiPartition    seed=1  cov= 41.2%  t100=     —  reason=ALL_DEPLETED   (1.2s)
  closed_33    n= 2  VoronoiPartition    seed=2  cov= 68.2%  t100=     —  reason=ALL_DEPLETED   (1.1s)
  closed_33    n= 2  GridDecomposition   seed=0  cov= 33.4%  t100=     —  reason=ALL_DEPLETED   (1.1s)
  closed_33    n= 2  GridDecomposition   seed=1  cov= 41.5%  t100=     —  reason=ALL_DEPLETED   (1.1s)
  closed_33    n= 2  GridDecomposition   seed=2  cov= 35.8%  t100=     —  reason=ALL_DEPLETED   (1.1s)
  closed_33    n= 2  STC                 seed=0  cov= 23.7%  t100=     —  reason=ALL_DEPLETED   (1.0s)
  closed_33    n= 2  STC                 seed=1  cov= 42.6%  t100=     —  reason=ALL_DEPLETED   (1.0s)
  closed_33    n= 2  STC                 seed=2  cov= 13.7%  t100=     —  reason=ALL_DEPLETED   (1.0s)
  closed_33    n= 5  Random              seed=0  cov= 97.6%  t100=     —  reason=ALL_DEPLETED   (1.2s)
  closed_33    n= 5  Random              seed=1  cov= 97.2%  t100=     —  reason=ALL_DEPLETED   (1.1s)
  closed_33    n= 5  Random              seed=2  cov= 89.1%  t100=     —  reason=ALL_DEPLETED   (1.1s)
  closed_33    n= 5  Boustrophedon       seed=0  cov= 18.2%  t100=     —  reason=ALL_DEPLETED   (2.6s)
  closed_33    n= 5  Boustrophedon       seed=1  cov= 38.6%  t100=     —  reason=ALL_DEPLETED   (2.4s)
  closed_33    n= 5  Boustrophedon       seed=2  cov= 51.9%  t100=     —  reason=ALL_DEPLETED   (2.3s)
  closed_33    n= 5  Spiral              seed=0  cov= 62.5%  t100=     —  reason=ALL_DEPLETED   (2.2s)
  closed_33    n= 5  Spiral              seed=1  cov= 59.2%  t100=     —  reason=ALL_DEPLETED   (2.2s)
  closed_33    n= 5  Spiral              seed=2  cov= 61.8%  t100=     —  reason=ALL_DEPLETED   (2.3s)
  closed_33    n= 5  VoronoiPartition    seed=0  cov= 94.3%  t100=     —  reason=ALL_DEPLETED   (2.7s)
  closed_33    n= 5  VoronoiPartition    seed=1  cov= 83.7%  t100=     —  reason=ALL_DEPLETED   (2.8s)
  closed_33    n= 5  VoronoiPartition    seed=2  cov= 65.4%  t100=     —  reason=ALL_DEPLETED   (2.7s)
  closed_33    n= 5  GridDecomposition   seed=0  cov= 71.3%  t100=     —  reason=ALL_DEPLETED   (2.5s)
  closed_33    n= 5  GridDecomposition   seed=1  cov= 93.6%  t100=     —  reason=ALL_DEPLETED   (2.5s)
  closed_33    n= 5  GridDecomposition   seed=2  cov= 73.7%  t100=     —  reason=ALL_DEPLETED   (2.6s)
  closed_33    n= 5  STC                 seed=0  cov= 94.1%  t100=     —  reason=ALL_DEPLETED   (2.5s)
  closed_33    n= 5  STC                 seed=1  cov= 67.1%  t100=     —  reason=ALL_DEPLETED   (2.5s)
  closed_33    n= 5  STC                 seed=2  cov= 69.4%  t100=     —  reason=ALL_DEPLETED   (2.7s)
  closed_33    n=10  Random              seed=0  cov= 99.5%  t100=     —  reason=ALL_DEPLETED   (2.0s)
  closed_33    n=10  Random              seed=1  cov=100.0%  t100=  617s  reason=COMPLETED      (1.8s)
  closed_33    n=10  Random              seed=2  cov= 98.3%  t100=     —  reason=ALL_DEPLETED   (2.0s)
  closed_33    n=10  Boustrophedon       seed=0  cov= 89.8%  t100=     —  reason=ALL_DEPLETED   (4.9s)
  closed_33    n=10  Boustrophedon       seed=1  cov= 67.6%  t100=     —  reason=ALL_DEPLETED   (4.9s)
  closed_33    n=10  Boustrophedon       seed=2  cov= 92.7%  t100=     —  reason=ALL_DEPLETED   (4.9s)
  closed_33    n=10  Spiral              seed=0  cov= 79.8%  t100=     —  reason=ALL_DEPLETED   (5.0s)
  closed_33    n=10  Spiral              seed=1  cov= 83.7%  t100=     —  reason=ALL_DEPLETED   (4.7s)
  closed_33    n=10  Spiral              seed=2  cov= 79.8%  t100=     —  reason=ALL_DEPLETED   (4.7s)
  closed_33    n=10  VoronoiPartition    seed=0  cov=100.0%  t100=  321s  reason=COMPLETED      (2.5s)
  closed_33    n=10  VoronoiPartition    seed=1  cov=100.0%  t100=  289s  reason=COMPLETED      (2.2s)
  closed_33    n=10  VoronoiPartition    seed=2  cov= 89.3%  t100=     —  reason=ALL_DEPLETED   (5.7s)
  closed_33    n=10  GridDecomposition   seed=0  cov= 99.1%  t100=     —  reason=ALL_DEPLETED   (5.4s)
  closed_33    n=10  GridDecomposition   seed=1  cov=100.0%  t100=  241s  reason=COMPLETED      (1.8s)
  closed_33    n=10  GridDecomposition   seed=2  cov= 91.3%  t100=     —  reason=ALL_DEPLETED   (5.4s)
  closed_33    n=10  STC                 seed=0  cov= 92.0%  t100=     —  reason=ALL_DEPLETED   (5.7s)
  closed_33    n=10  STC                 seed=1  cov= 94.1%  t100=     —  reason=ALL_DEPLETED   (5.7s)
  closed_33    n=10  STC                 seed=2  cov= 96.5%  t100=     —  reason=ALL_DEPLETED   (5.3s)
  closed_33    n=20  Random              seed=0  cov=100.0%  t100=  504s  reason=COMPLETED      (2.7s)
  closed_33    n=20  Random              seed=1  cov= 99.8%  t100=     —  reason=ALL_DEPLETED   (3.8s)
  closed_33    n=20  Random              seed=2  cov=100.0%  t100=  459s  reason=COMPLETED      (2.7s)
  closed_33    n=20  Boustrophedon       seed=0  cov= 98.1%  t100=     —  reason=ALL_DEPLETED   (12.0s)
  closed_33    n=20  Boustrophedon       seed=1  cov= 96.7%  t100=     —  reason=ALL_DEPLETED   (12.6s)
  closed_33    n=20  Boustrophedon       seed=2  cov= 96.4%  t100=     —  reason=ALL_DEPLETED   (11.7s)
  closed_33    n=20  Spiral              seed=0  cov= 98.3%  t100=     —  reason=ALL_DEPLETED   (11.2s)
  closed_33    n=20  Spiral              seed=1  cov= 90.8%  t100=     —  reason=ALL_DEPLETED   (11.2s)
  closed_33    n=20  Spiral              seed=2  cov= 93.4%  t100=     —  reason=ALL_DEPLETED   (11.2s)
  closed_33    n=20  VoronoiPartition    seed=0  cov=100.0%  t100=  140s  reason=COMPLETED      (2.5s)
  closed_33    n=20  VoronoiPartition    seed=1  cov=100.0%  t100=   66s  reason=COMPLETED      (1.2s)
  closed_33    n=20  VoronoiPartition    seed=2  cov= 98.4%  t100=     —  reason=ALL_DEPLETED   (12.9s)
  closed_33    n=20  GridDecomposition   seed=0  cov=100.0%  t100=   97s  reason=COMPLETED      (1.7s)
  closed_33    n=20  GridDecomposition   seed=1  cov=100.0%  t100=  174s  reason=COMPLETED      (3.1s)
  closed_33    n=20  GridDecomposition   seed=2  cov=100.0%  t100=  318s  reason=COMPLETED      (6.0s)
  closed_33    n=20  STC                 seed=0  cov=100.0%  t100=   51s  reason=COMPLETED      (0.9s)
  closed_33    n=20  STC                 seed=1  cov=100.0%  t100=   49s  reason=COMPLETED      (0.9s)
  closed_33    n=20  STC                 seed=2  cov=100.0%  t100=   73s  reason=COMPLETED      (1.3s)

Total wall time: 521.1 s

Wrote: /Users/amkrtumyan/Desktop/Swarm_Drones/optimization/outputs/sweep_track1_results.csv
Wrote 4 sweep plots: PNG → /Users/amkrtumyan/Desktop/Swarm_Drones/optimization/outputs/sweep/png/, SVG → /Users/amkrtumyan/Desktop/Swarm_Drones/optimization/outputs/sweep/svg/

=== Mean final coverage by (map × policy × n_drones) ===

  open_33:
    n             Random      Boustrophedon             Spiral   VoronoiPartition  GridDecomposition                STC
    2                94.8%              32.3%              10.5%              90.4%              40.1%              92.8%
    5                99.8%              46.2%              26.3%              98.5%              90.8%             100.0%
    10               100.0%              91.3%              89.0%             100.0%             100.0%             100.0%
    20               100.0%             100.0%             100.0%             100.0%             100.0%             100.0%

  partial_33:
    n             Random      Boustrophedon             Spiral   VoronoiPartition  GridDecomposition                STC
    2                82.4%              33.5%              22.6%              67.1%              74.0%              37.0%
    5                98.2%              87.8%              44.6%              98.6%              91.6%              84.3%
    10               100.0%             100.0%              68.1%              96.9%              93.1%              99.3%
    20               100.0%             100.0%              89.2%             100.0%             100.0%             100.0%

  closed_33:
    n             Random      Boustrophedon             Spiral   VoronoiPartition  GridDecomposition                STC
    2                73.7%              28.4%              29.6%              50.7%              36.9%              26.6%
    5                94.6%              36.2%              61.1%              81.1%              79.5%              76.9%
    10                99.3%              83.4%              81.1%              96.4%              96.8%              94.2%
    20                99.9%              97.1%              94.2%              99.5%             100.0%             100.0%
