=== STC grid search ===
  attract_gain:      [1.0, 2.0, 4.0]
  drone_repel_gain:  [2.0, 5.0, 10.0]
  drone_repel_range: [1.5, 2.5, 4.0]
  total runs:        648

  [24/648] a=1.0 dg=2.0 dr=1.5  score=+0.328  cov=81.0%
  [48/648] a=1.0 dg=2.0 dr=2.5  score=+0.322  cov=80.7%
  [72/648] a=1.0 dg=2.0 dr=4.0  score=+0.317  cov=79.9%
  [96/648] a=1.0 dg=5.0 dr=1.5  score=+0.314  cov=79.7%
  [120/648] a=1.0 dg=5.0 dr=2.5  score=+0.353  cov=83.0%
  [144/648] a=1.0 dg=5.0 dr=4.0  score=+0.369  cov=83.6%
  [168/648] a=1.0 dg=10.0 dr=1.5  score=+0.306  cov=79.3%
  [192/648] a=1.0 dg=10.0 dr=2.5  score=+0.354  cov=83.1%
  [216/648] a=1.0 dg=10.0 dr=4.0  score=+0.356  cov=84.0%
  [240/648] a=2.0 dg=2.0 dr=1.5  score=+0.225  cov=69.4%
  [264/648] a=2.0 dg=2.0 dr=2.5  score=+0.250  cov=71.4%
  [288/648] a=2.0 dg=2.0 dr=4.0  score=+0.273  cov=72.7%
  [312/648] a=2.0 dg=5.0 dr=1.5  score=+0.239  cov=68.4%
  [336/648] a=2.0 dg=5.0 dr=2.5  score=+0.223  cov=69.0%
  [360/648] a=2.0 dg=5.0 dr=4.0  score=+0.306  cov=74.7%
  [384/648] a=2.0 dg=10.0 dr=1.5  score=+0.232  cov=68.8%
  [408/648] a=2.0 dg=10.0 dr=2.5  score=+0.259  cov=70.8%
  [432/648] a=2.0 dg=10.0 dr=4.0  score=+0.296  cov=74.0%
  [456/648] a=4.0 dg=2.0 dr=1.5  score=+0.410  cov=83.7%
  [480/648] a=4.0 dg=2.0 dr=2.5  score=+0.406  cov=83.5%
  [504/648] a=4.0 dg=2.0 dr=4.0  score=+0.426  cov=83.6%
  [528/648] a=4.0 dg=5.0 dr=1.5  score=+0.388  cov=83.2%
  [552/648] a=4.0 dg=5.0 dr=2.5  score=+0.404  cov=82.6%
  [576/648] a=4.0 dg=5.0 dr=4.0  score=+0.408  cov=82.1%
  [600/648] a=4.0 dg=10.0 dr=1.5  score=+0.391  cov=82.3%
  [624/648] a=4.0 dg=10.0 dr=2.5  score=+0.423  cov=84.7%
  [648/648] a=4.0 dg=10.0 dr=4.0  score=+0.433  cov=84.3%

Total wall time: 22.2 min
Wrote: /Users/amkrtumyan/Desktop/Swarm_Drones/optimization/outputs/csv_txt/grid_search_stc.csv

STC grid search — top 10 configs

rank  attract  repel_g  repel_r    score     cov    overlap   wasted     energy
--------------------------------------------------------------------------------
   1     4.00    10.00     4.00   +0.433   84.3%     5445m²     3121   388.5kJ
   2     4.00     2.00     4.00   +0.426   83.6%     5557m²     3126   382.0kJ
   3     4.00    10.00     2.50   +0.423   84.7%     5457m²     3766   485.7kJ
   4     4.00     2.00     1.50   +0.410   83.7%     5328m²     4098   526.9kJ
   5     4.00     5.00     4.00   +0.408   82.1%     5382m²     3125   396.6kJ
   6     4.00     2.00     2.50   +0.406   83.5%     5654m²     3812   500.6kJ
   7     4.00     5.00     2.50   +0.404   82.6%     5347m²     3668   443.0kJ
   8     4.00    10.00     1.50   +0.391   82.3%     5556m²     4021   510.7kJ
   9     4.00     5.00     1.50   +0.388   83.2%     5410m²     4554   643.7kJ
  10     1.00     5.00     4.00   +0.369   83.6%     7527m²     6045   477.1kJ
Wrote: /Users/amkrtumyan/Desktop/Swarm_Drones/optimization/outputs/csv_txt/grid_search_stc_top.txt
Wrote: /Users/amkrtumyan/Desktop/Swarm_Drones/optimization/outputs/png/grid_search_stc_heatmap.png
