=== Spiral grid search ===
  pitch:           [1.6, 2.5, 4.0]
  attract_gain:    [1.0, 2.0, 4.0]
  drone_repel_gain: [2.0, 5.0, 10.0]
  total runs:      648

  [24/648] p=1.6 a=1.0 dg=2.0  score=-0.011  cov=50.9%
  [48/648] p=1.6 a=1.0 dg=5.0  score=-0.017  cov=50.5%
  [72/648] p=1.6 a=1.0 dg=10.0  score=-0.010  cov=51.2%
  [96/648] p=1.6 a=2.0 dg=2.0  score=-0.024  cov=48.8%
  [120/648] p=1.6 a=2.0 dg=5.0  score=-0.033  cov=47.3%
  [144/648] p=1.6 a=2.0 dg=10.0  score=-0.025  cov=49.0%
  [168/648] p=1.6 a=4.0 dg=2.0  score=-0.066  cov=42.2%
  [192/648] p=1.6 a=4.0 dg=5.0  score=-0.058  cov=43.5%
  [216/648] p=1.6 a=4.0 dg=10.0  score=-0.039  cov=46.5%
  [240/648] p=2.5 a=1.0 dg=2.0  score=-0.006  cov=51.5%
  [264/648] p=2.5 a=1.0 dg=5.0  score=-0.015  cov=50.3%
  [288/648] p=2.5 a=1.0 dg=10.0  score=-0.002  cov=52.5%
  [312/648] p=2.5 a=2.0 dg=2.0  score=-0.032  cov=47.1%
  [336/648] p=2.5 a=2.0 dg=5.0  score=-0.032  cov=47.5%
  [360/648] p=2.5 a=2.0 dg=10.0  score=-0.020  cov=49.3%
  [384/648] p=2.5 a=4.0 dg=2.0  score=-0.033  cov=46.7%
  [408/648] p=2.5 a=4.0 dg=5.0  score=+0.015  cov=52.3%
  [432/648] p=2.5 a=4.0 dg=10.0  score=-0.004  cov=50.8%
  [456/648] p=4.0 a=1.0 dg=2.0  score=+0.049  cov=57.8%
  [480/648] p=4.0 a=1.0 dg=5.0  score=+0.037  cov=55.9%
  [504/648] p=4.0 a=1.0 dg=10.0  score=+0.065  cov=60.5%
  [528/648] p=4.0 a=2.0 dg=2.0  score=+0.064  cov=57.4%
  [552/648] p=4.0 a=2.0 dg=5.0  score=+0.029  cov=53.5%
  [576/648] p=4.0 a=2.0 dg=10.0  score=+0.029  cov=54.0%
  [600/648] p=4.0 a=4.0 dg=2.0  score=+0.015  cov=51.3%
  [624/648] p=4.0 a=4.0 dg=5.0  score=+0.011  cov=51.6%
  [648/648] p=4.0 a=4.0 dg=10.0  score=+0.035  cov=54.6%

Total wall time: 44.1 min
Wrote: /Users/amkrtumyan/Desktop/Swarm_Drones/optimization/outputs/csv_txt/grid_search_spiral.csv

Spiral grid search — top 10 configs

rank  pitch  attract  repel    score     cov    overlap   wasted     energy
--------------------------------------------------------------------------------
   1   4.00     1.00  10.00   +0.065   60.5%     7355m²    15429  1045.0kJ
   2   4.00     2.00   2.00   +0.064   57.4%     6495m²    12203   934.6kJ
   3   4.00     1.00   2.00   +0.049   57.8%     6318m²    15539  1065.4kJ
   4   4.00     1.00   5.00   +0.037   55.9%     6042m²    15161  1037.1kJ
   5   4.00     4.00  10.00   +0.035   54.6%     7155m²     9177   921.6kJ
   6   4.00     2.00  10.00   +0.029   54.0%     6102m²    13354   966.7kJ
   7   4.00     2.00   5.00   +0.029   53.5%     6076m²    12329   930.9kJ
   8   2.50     4.00   5.00   +0.015   52.3%     6296m²    10160   944.1kJ
   9   4.00     4.00   2.00   +0.015   51.3%     6232m²     8595   906.6kJ
  10   4.00     4.00   5.00   +0.011   51.6%     6496m²     8869   918.6kJ
Wrote: /Users/amkrtumyan/Desktop/Swarm_Drones/optimization/outputs/csv_txt/grid_search_spiral_top.txt
Wrote: /Users/amkrtumyan/Desktop/Swarm_Drones/optimization/outputs/png/grid_search_spiral_heatmap.png
