=== GridDecomposition grid search ===
  block_size:       [3, 5, 8]
  attract_gain:     [1.0, 2.0, 4.0]
  drone_repel_gain: [2.0, 5.0, 10.0]
  total runs:       648

  [24/648] bs=3 a=1.0 dg=2.0  score=+0.273  cov=74.1%
  [48/648] bs=3 a=1.0 dg=5.0  score=+0.303  cov=79.3%
  [72/648] bs=3 a=1.0 dg=10.0  score=+0.319  cov=80.3%
  [96/648] bs=3 a=2.0 dg=2.0  score=+0.181  cov=63.4%
  [120/648] bs=3 a=2.0 dg=5.0  score=+0.192  cov=63.9%
  [144/648] bs=3 a=2.0 dg=10.0  score=+0.220  cov=68.1%
  [168/648] bs=3 a=4.0 dg=2.0  score=+0.259  cov=71.8%
  [192/648] bs=3 a=4.0 dg=5.0  score=+0.255  cov=71.0%
  [216/648] bs=3 a=4.0 dg=10.0  score=+0.281  cov=72.1%
  [240/648] bs=5 a=1.0 dg=2.0  score=+0.280  cov=75.1%
  [264/648] bs=5 a=1.0 dg=5.0  score=+0.284  cov=76.6%
  [288/648] bs=5 a=1.0 dg=10.0  score=+0.323  cov=80.0%
  [312/648] bs=5 a=2.0 dg=2.0  score=+0.172  cov=64.0%
  [336/648] bs=5 a=2.0 dg=5.0  score=+0.216  cov=69.3%
  [360/648] bs=5 a=2.0 dg=10.0  score=+0.215  cov=66.9%
  [384/648] bs=5 a=4.0 dg=2.0  score=+0.240  cov=70.9%
  [408/648] bs=5 a=4.0 dg=5.0  score=+0.267  cov=71.4%
  [432/648] bs=5 a=4.0 dg=10.0  score=+0.244  cov=69.2%
  [456/648] bs=8 a=1.0 dg=2.0  score=+0.362  cov=84.3%
  [480/648] bs=8 a=1.0 dg=5.0  score=+0.382  cov=85.2%
  [504/648] bs=8 a=1.0 dg=10.0  score=+0.347  cov=83.1%
  [528/648] bs=8 a=2.0 dg=2.0  score=+0.227  cov=69.2%
  [552/648] bs=8 a=2.0 dg=5.0  score=+0.240  cov=72.1%
  [576/648] bs=8 a=2.0 dg=10.0  score=+0.291  cov=75.3%
  [600/648] bs=8 a=4.0 dg=2.0  score=+0.254  cov=70.6%
  [624/648] bs=8 a=4.0 dg=5.0  score=+0.262  cov=71.9%
  [648/648] bs=8 a=4.0 dg=10.0  score=+0.250  cov=69.9%

Total wall time: 25.8 min
Wrote: /Users/amkrtumyan/Desktop/Swarm_Drones/optimization/outputs/csv_txt/grid_search_grid_decomposition.csv

GridDecomposition grid search — top 10 configs

rank  block  attract  repel    score     cov    overlap   wasted     energy
--------------------------------------------------------------------------------
   1      8     1.00   5.00   +0.382   85.2%     7723m²     6018   452.3kJ
   2      8     1.00   2.00   +0.362   84.3%     7362m²     7493   579.1kJ
   3      8     1.00  10.00   +0.347   83.1%     7397m²     7350   574.2kJ
   4      5     1.00  10.00   +0.323   80.0%     7761m²     5951   447.4kJ
   5      3     1.00  10.00   +0.319   80.3%     8256m²     5816   438.1kJ
   6      3     1.00   5.00   +0.303   79.3%     8040m²     6478   491.0kJ
   7      8     2.00  10.00   +0.291   75.3%     6307m²     5886   466.5kJ
   8      5     1.00   5.00   +0.284   76.6%     6882m²     7400   572.6kJ
   9      3     4.00  10.00   +0.281   72.1%     5014m²     4934   542.6kJ
  10      5     1.00   2.00   +0.280   75.1%     7162m²     5952   450.1kJ
Wrote: /Users/amkrtumyan/Desktop/Swarm_Drones/optimization/outputs/csv_txt/grid_search_grid_decomposition_top.txt
Wrote: /Users/amkrtumyan/Desktop/Swarm_Drones/optimization/outputs/png/grid_search_grid_decomposition_heatmap.png
