=== VoronoiPartition grid search ===
  attract_gain:      [1.0, 2.0, 4.0]
  drone_repel_gain:  [2.0, 5.0, 10.0]
  drone_repel_range: [1.5, 2.5, 4.0]
  total runs:        648

  [24/648] a=1.0 dg=2.0 dr=1.5  score=+0.439  cov=91.5%
  [48/648] a=1.0 dg=2.0 dr=2.5  score=+0.433  cov=90.5%
  [72/648] a=1.0 dg=2.0 dr=4.0  score=+0.449  cov=91.2%
  [96/648] a=1.0 dg=5.0 dr=1.5  score=+0.445  cov=92.7%
  [120/648] a=1.0 dg=5.0 dr=2.5  score=+0.434  cov=91.7%
  [144/648] a=1.0 dg=5.0 dr=4.0  score=+0.447  cov=90.2%
  [168/648] a=1.0 dg=10.0 dr=1.5  score=+0.434  cov=92.3%
  [192/648] a=1.0 dg=10.0 dr=2.5  score=+0.446  cov=91.7%
  [216/648] a=1.0 dg=10.0 dr=4.0  score=+0.431  cov=91.2%
  [240/648] a=2.0 dg=2.0 dr=1.5  score=+0.327  cov=79.6%
  [264/648] a=2.0 dg=2.0 dr=2.5  score=+0.302  cov=78.6%
  [288/648] a=2.0 dg=2.0 dr=4.0  score=+0.311  cov=76.9%
  [312/648] a=2.0 dg=5.0 dr=1.5  score=+0.313  cov=77.2%
  [336/648] a=2.0 dg=5.0 dr=2.5  score=+0.323  cov=78.2%
  [360/648] a=2.0 dg=5.0 dr=4.0  score=+0.350  cov=80.0%
  [384/648] a=2.0 dg=10.0 dr=1.5  score=+0.312  cov=77.1%
  [408/648] a=2.0 dg=10.0 dr=2.5  score=+0.325  cov=79.0%
  [432/648] a=2.0 dg=10.0 dr=4.0  score=+0.335  cov=79.1%
  [456/648] a=4.0 dg=2.0 dr=1.5  score=+0.287  cov=74.0%
  [480/648] a=4.0 dg=2.0 dr=2.5  score=+0.302  cov=75.5%
  [504/648] a=4.0 dg=2.0 dr=4.0  score=+0.298  cov=75.1%
  [528/648] a=4.0 dg=5.0 dr=1.5  score=+0.298  cov=75.5%
  [552/648] a=4.0 dg=5.0 dr=2.5  score=+0.300  cov=74.5%
  [576/648] a=4.0 dg=5.0 dr=4.0  score=+0.326  cov=76.0%
  [600/648] a=4.0 dg=10.0 dr=1.5  score=+0.281  cov=73.2%
  [624/648] a=4.0 dg=10.0 dr=2.5  score=+0.307  cov=76.4%
  [648/648] a=4.0 dg=10.0 dr=4.0  score=+0.335  cov=76.1%

Total wall time: 25.6 min
Wrote: /Users/amkrtumyan/Desktop/Swarm_Drones/optimization/outputs/csv_txt/grid_search_voronoi_partition.csv

VoronoiPartition grid search — top 10 configs

rank  attract  repel_g  repel_r    score     cov    overlap   wasted     energy
--------------------------------------------------------------------------------
   1     1.00     2.00     4.00   +0.449   91.2%     8235m²     4893   376.0kJ
   2     1.00     5.00     4.00   +0.447   90.2%     8269m²     4246   336.8kJ
   3     1.00    10.00     2.50   +0.446   91.7%     8435m²     5197   401.7kJ
   4     1.00     5.00     1.50   +0.445   92.7%     8830m²     5690   436.6kJ
   5     1.00     2.00     1.50   +0.439   91.5%     8779m²     5318   426.5kJ
   6     1.00     5.00     2.50   +0.434   91.7%     8761m²     5743   455.3kJ
   7     1.00    10.00     1.50   +0.434   92.3%     8559m²     5933   468.2kJ
   8     1.00     2.00     2.50   +0.433   90.5%     8234m²     5267   406.9kJ
   9     1.00    10.00     4.00   +0.431   91.2%     8648m²     6816   556.3kJ
  10     2.00     5.00     4.00   +0.350   80.0%     5912m²     5866   523.6kJ
Wrote: /Users/amkrtumyan/Desktop/Swarm_Drones/optimization/outputs/csv_txt/grid_search_voronoi_partition_top.txt
Wrote: /Users/amkrtumyan/Desktop/Swarm_Drones/optimization/outputs/png/grid_search_voronoi_partition_heatmap.png
